i334_Draft001_base 10 28 15
issue474_Fillet 7 13 5
issue474_Fillet 7 13 15
issue474_Fillet 7 13 60
issue474_Fillet 9 13 5
issue474_Fillet 9 13 15
issue474_Fillet 9 13 60
issue474_Fillet001 7 13 5
issue474_Fillet001 7 13 15
issue474_Fillet001 7 13 60
issue474_Fillet001 9 13 5
issue474_Fillet001 9 13 15
issue474_Fillet001 9 13 60
issue631_Fillet001 7 2 5
issue631_Fillet001 7 2 15
issue631_Fillet001 7 5 5
issue631_Fillet001 7 5 15
issue631_Fillet001 16 11 5
issue631_Fillet001 16 11 15
issue631_Fillet001 16 15 5
issue631_Fillet001 16 15 15
issue631_Fillet002 7 1 5
issue631_Fillet002 7 1 15
issue631_Fillet002 7 9 5
issue631_Fillet002 7 9 15
issue631_Fillet002 17 13 5
issue631_Fillet002 17 13 15
issue631_Fillet003 12 2 5
issue631_Fillet003 12 2 15
issue631_Fillet003 12 6 5
issue631_Fillet003 12 6 15
issue631_Fillet003 18 17 5
issue631_Fillet003 18 17 15
issue876_Fillet 1 5 5
issue876_Fillet 1 5 15
issue876_Fillet 6 5 5
issue876_Fillet 6 5 15
issue876_Fillet 10 31 5
issue876_Fillet 10 31 15
issue876_Fillet 12 31 5
issue876_Fillet 12 31 15
issue876_Fillet 16 4 5
issue876_Fillet 16 4 15
issue876_Fillet 16 4 60
issue876_Fillet 18 4 5
issue876_Fillet 18 4 15
issue876_Fillet 18 4 60
issue876_Fillet 20 4 5
issue876_Fillet 20 4 15
issue876_Fillet 20 4 60
issue876_Fillet 22 4 5
issue876_Fillet 22 4 15
issue876_Fillet 22 4 60
issue962_Chamfer 51 28 5
issue962_Chamfer 57 40 5
issue962_Fillet 57 29 5
issue962_Fillet 64 46 5
i334_Draft001_base 10 1 5
i334_Draft001_base 10 2 15
i334_Draft_base 5 6 60
issue631_Fillet002 17 16 15
issue631_Fillet002 17 16 5
issue631_Fillet003 18 13 15
issue631_Fillet003 18 13 5
issue876_Fillet 1 5 60
issue876_Fillet 10 31 60
issue876_Fillet 12 31 60
issue876_Fillet 26 5 5
issue876_Fillet 42 31 5
issue876_Fillet 6 5 60
issue962_Chamfer 23 35 15
issue962_Chamfer 23 35 5
issue962_Chamfer 27 47 15
issue962_Chamfer 27 47 5
issue962_Chamfer 29 24 15
issue962_Chamfer 29 24 5
issue962_Chamfer 29 24 60
issue962_Chamfer 29 26 15
issue962_Chamfer 29 26 5
issue962_Chamfer 29 26 60
issue962_Chamfer 31 35 15
issue962_Chamfer 31 35 5
issue962_Chamfer 51 47 15
issue962_Chamfer 51 47 5
issue962_Chamfer 54 35 15
issue962_Chamfer 54 35 5
issue962_Chamfer 55 35 15
issue962_Chamfer 55 35 5
issue962_Chamfer 62 47 15
issue962_Chamfer 62 47 5
issue962_Chamfer 64 47 15
issue962_Chamfer 64 47 5
issue962_Fillet 24 41 15
issue962_Fillet 24 41 5
issue962_Fillet 28 53 15
issue962_Fillet 28 53 5
issue962_Fillet 30 25 15
issue962_Fillet 30 25 5
issue962_Fillet 30 25 60
issue962_Fillet 30 27 15
issue962_Fillet 30 27 5
issue962_Fillet 30 27 60
issue962_Fillet 33 41 15
issue962_Fillet 33 41 5
issue962_Fillet 57 53 15
issue962_Fillet 57 53 5
issue962_Fillet 60 41 15
issue962_Fillet 60 41 5
issue962_Fillet 61 41 15
issue962_Fillet 61 41 5
issue962_Fillet 70 53 15
issue962_Fillet 70 53 5
issue962_Fillet 72 53 15
issue962_Fillet 72 53 5
