i334_Draft001_base 10 1 5
i334_Draft001_base 10 2 15
i334_Draft001_base 100 136 60
i334_Draft001_base 100 36 60
i334_Draft001_base 101 135 60
i334_Draft001_base 101 36 60
i334_Draft001_base 103 135 60
i334_Draft001_base 103 36 60
i334_Draft001_base 104 134 60
i334_Draft001_base 104 36 60
i334_Draft001_base 106 134 60
i334_Draft001_base 106 36 60
i334_Draft001_base 107 133 60
i334_Draft001_base 107 36 60
i334_Draft001_base 109 133 60
i334_Draft001_base 109 36 60
i334_Draft001_base 11 26 15
i334_Draft001_base 11 26 5
i334_Draft001_base 11 26 60
i334_Draft001_base 11 9 60
i334_Draft001_base 110 132 60
i334_Draft001_base 110 36 60
i334_Draft001_base 112 132 60
i334_Draft001_base 112 36 60
i334_Draft001_base 113 131 60
i334_Draft001_base 113 36 60
i334_Draft001_base 115 131 60
i334_Draft001_base 115 36 60
i334_Draft001_base 116 130 60
i334_Draft001_base 116 36 60
i334_Draft001_base 118 130 60
i334_Draft001_base 118 36 60
i334_Draft001_base 119 129 60
i334_Draft001_base 119 36 60
i334_Draft001_base 12 11 60
i334_Draft001_base 12 13 60
i334_Draft001_base 121 129 60
i334_Draft001_base 121 36 60
i334_Draft001_base 122 128 60
i334_Draft001_base 122 36 60
i334_Draft001_base 124 128 60
i334_Draft001_base 124 36 60
i334_Draft001_base 125 157 60
i334_Draft001_base 125 36 60
i334_Draft001_base 127 157 15
i334_Draft001_base 127 157 60
i334_Draft001_base 127 36 60
i334_Draft001_base 13 1 15
i334_Draft001_base 13 1 60
i334_Draft001_base 14 16 60
i334_Draft001_base 15 13 60
i334_Draft001_base 15 16 60
i334_Draft001_base 16 26 15
i334_Draft001_base 16 26 5
i334_Draft001_base 16 26 60
i334_Draft001_base 2 1 15
i334_Draft001_base 2 1 60
i334_Draft001_base 2 21 15
i334_Draft001_base 2 21 60
i334_Draft001_base 2 4 15
i334_Draft001_base 2 4 60
i334_Draft001_base 2 8 60
i334_Draft001_base 25 31 15
i334_Draft001_base 25 31 5
i334_Draft001_base 25 31 60
i334_Draft001_base 30 23 15
i334_Draft001_base 30 23 5
i334_Draft001_base 30 31 15
i334_Draft001_base 30 31 5
i334_Draft001_base 30 31 60
i334_Draft001_base 31 25 60
i334_Draft001_base 38 156 60
i334_Draft001_base 38 36 60
i334_Draft001_base 40 156 60
i334_Draft001_base 40 36 60
i334_Draft001_base 41 155 60
i334_Draft001_base 41 36 60
i334_Draft001_base 43 155 60
i334_Draft001_base 43 36 60
i334_Draft001_base 44 154 60
i334_Draft001_base 44 36 60
i334_Draft001_base 46 154 60
i334_Draft001_base 46 36 60
i334_Draft001_base 47 153 60
i334_Draft001_base 47 36 60
i334_Draft001_base 49 153 60
i334_Draft001_base 49 36 60
i334_Draft001_base 50 152 60
i334_Draft001_base 50 36 60
i334_Draft001_base 52 152 60
i334_Draft001_base 52 36 60
i334_Draft001_base 53 151 60
i334_Draft001_base 53 36 60
i334_Draft001_base 55 151 60
i334_Draft001_base 55 36 60
i334_Draft001_base 56 150 60
i334_Draft001_base 56 36 60
i334_Draft001_base 58 150 60
i334_Draft001_base 58 36 60
i334_Draft001_base 59 149 60
i334_Draft001_base 59 36 60
i334_Draft001_base 6 4 15
i334_Draft001_base 61 149 60
i334_Draft001_base 61 36 60
i334_Draft001_base 62 148 60
i334_Draft001_base 62 36 60
i334_Draft001_base 64 148 60
i334_Draft001_base 64 36 60
i334_Draft001_base 65 147 60
i334_Draft001_base 65 36 60
i334_Draft001_base 67 147 60
i334_Draft001_base 67 36 60
i334_Draft001_base 68 146 60
i334_Draft001_base 68 36 60
i334_Draft001_base 70 146 60
i334_Draft001_base 70 36 60
i334_Draft001_base 71 145 60
i334_Draft001_base 71 36 60
i334_Draft001_base 73 145 60
i334_Draft001_base 73 36 60
i334_Draft001_base 74 144 60
i334_Draft001_base 74 36 60
i334_Draft001_base 76 144 60
i334_Draft001_base 76 36 60
i334_Draft001_base 77 143 60
i334_Draft001_base 77 36 60
i334_Draft001_base 79 143 60
i334_Draft001_base 79 36 60
i334_Draft001_base 80 142 60
i334_Draft001_base 80 36 60
i334_Draft001_base 82 142 60
i334_Draft001_base 82 36 60
i334_Draft001_base 83 141 60
i334_Draft001_base 83 36 60
i334_Draft001_base 85 141 60
i334_Draft001_base 85 36 60
i334_Draft001_base 86 140 60
i334_Draft001_base 86 36 60
i334_Draft001_base 88 140 60
i334_Draft001_base 88 36 60
i334_Draft001_base 89 139 60
i334_Draft001_base 89 36 60
i334_Draft001_base 91 139 60
i334_Draft001_base 91 36 60
i334_Draft001_base 92 138 60
i334_Draft001_base 92 36 60
i334_Draft001_base 94 138 60
i334_Draft001_base 94 36 60
i334_Draft001_base 95 137 60
i334_Draft001_base 95 36 60
i334_Draft001_base 97 137 60
i334_Draft001_base 97 36 60
i334_Draft001_base 98 136 60
i334_Draft001_base 98 36 60
issue273_Fillet 10 6 15
issue273_Fillet 13 14 60
issue273_Fillet 13 15 60
issue273_Fillet 14 13 5
issue273_Fillet 14 15 5
issue273_Fillet 14 17 60
issue273_Fillet 15 13 5
issue273_Fillet 15 14 5
issue273_Fillet 15 17 60
issue273_Fillet 9 4 15
issue309_shape 11 4 15
issue309_shape 11 4 5
issue309_shape 11 4 60
issue309_shape 15 14 15
issue309_shape 15 14 5
issue309_shape 15 14 60
issue474_Fillet002 11 4 5
issue474_Fillet003 26 28 15
issue474_Fillet003 26 28 5
issue523_box 3 1 5
issue523_box 3 6 5
issue523_box 3 7 5
issue631_Fillet 1 3 60
issue631_Fillet 11 6 60
issue631_Fillet 13 9 60
issue631_Fillet 14 10 60
issue631_Fillet 2 6 60
issue631_Fillet 7 10 60
issue631_Fillet 8 3 60
issue631_Fillet001 10 15 60
issue631_Fillet001 10 9 5
issue631_Fillet001 11 6 60
issue631_Fillet001 14 9 60
issue631_Fillet001 15 10 60
issue631_Fillet001 2 4 15
issue631_Fillet001 2 6 60
issue631_Fillet001 6 11 60
issue631_Fillet002 11 10 5
issue631_Fillet002 11 16 60
issue631_Fillet002 13 8 60
issue631_Fillet002 15 10 60
issue631_Fillet002 16 11 60
issue631_Fillet002 17 16 15
issue631_Fillet002 17 16 5
issue631_Fillet003 13 5 60
issue631_Fillet003 16 7 60
issue631_Fillet003 17 9 60
issue631_Fillet003 18 13 15
issue631_Fillet003 18 13 5
issue876_Fillet 1 5 60
issue876_Fillet 10 31 60
issue876_Fillet 12 31 60
issue876_Fillet 26 5 5
issue876_Fillet 4 1 15
issue876_Fillet 4 1 60
issue876_Fillet 4 10 15
issue876_Fillet 4 10 60
issue876_Fillet 4 12 60
issue876_Fillet 4 18 15
issue876_Fillet 4 6 5
issue876_Fillet 4 6 60
issue876_Fillet 4 7 15
issue876_Fillet 4 7 60
issue876_Fillet 42 31 5
issue876_Fillet 44 34 15
issue876_Fillet 44 34 5
issue876_Fillet 44 34 60
issue876_Fillet 44 36 15
issue876_Fillet 44 36 5
issue876_Fillet 44 36 60
issue876_Fillet 44 38 15
issue876_Fillet 44 38 5
issue876_Fillet 44 38 60
issue876_Fillet 44 40 15
issue876_Fillet 44 40 5
issue876_Fillet 44 40 60
issue876_Fillet 6 5 60
issue962_Chamfer 11 10 15
issue962_Chamfer 11 10 5
issue962_Chamfer 13 10 5
issue962_Chamfer 23 35 15
issue962_Chamfer 23 35 5
issue962_Chamfer 24 16 60
issue962_Chamfer 26 16 60
issue962_Chamfer 27 47 15
issue962_Chamfer 27 47 5
issue962_Chamfer 29 24 15
issue962_Chamfer 29 24 5
issue962_Chamfer 29 24 60
issue962_Chamfer 29 26 15
issue962_Chamfer 29 26 5
issue962_Chamfer 29 26 60
issue962_Chamfer 31 35 15
issue962_Chamfer 31 35 5
issue962_Chamfer 35 23 5
issue962_Chamfer 35 24 5
issue962_Chamfer 35 31 5
issue962_Chamfer 35 54 5
issue962_Chamfer 35 55 5
issue962_Chamfer 38 24 5
issue962_Chamfer 38 29 15
issue962_Chamfer 38 29 5
issue962_Chamfer 39 24 5
issue962_Chamfer 39 31 5
issue962_Chamfer 42 26 5
issue962_Chamfer 42 57 5
issue962_Chamfer 42 59 5
issue962_Chamfer 42 61 5
issue962_Chamfer 45 26 5
issue962_Chamfer 45 29 15
issue962_Chamfer 45 29 5
issue962_Chamfer 46 26 5
issue962_Chamfer 46 57 5
issue962_Chamfer 51 47 15
issue962_Chamfer 51 47 5
issue962_Chamfer 54 35 15
issue962_Chamfer 54 35 5
issue962_Chamfer 55 35 15
issue962_Chamfer 55 35 5
issue962_Chamfer 62 47 15
issue962_Chamfer 62 47 5
issue962_Chamfer 64 47 15
issue962_Chamfer 64 47 5
issue962_Fillet 13 11 15
issue962_Fillet 13 11 5
issue962_Fillet 15 11 5
issue962_Fillet 24 41 15
issue962_Fillet 24 41 5
issue962_Fillet 25 17 60
issue962_Fillet 27 17 60
issue962_Fillet 28 53 15
issue962_Fillet 28 53 5
issue962_Fillet 30 25 15
issue962_Fillet 30 25 5
issue962_Fillet 30 25 60
issue962_Fillet 30 27 15
issue962_Fillet 30 27 5
issue962_Fillet 30 27 60
issue962_Fillet 33 41 15
issue962_Fillet 33 41 5
issue962_Fillet 34 23 60
issue962_Fillet 34 35 60
issue962_Fillet 35 23 60
issue962_Fillet 35 34 60
issue962_Fillet 36 23 60
issue962_Fillet 37 23 60
issue962_Fillet 37 38 60
issue962_Fillet 38 23 60
issue962_Fillet 38 37 60
issue962_Fillet 39 23 60
issue962_Fillet 41 24 5
issue962_Fillet 41 25 5
issue962_Fillet 41 33 5
issue962_Fillet 41 60 5
issue962_Fillet 41 61 5
issue962_Fillet 44 25 5
issue962_Fillet 44 30 15
issue962_Fillet 44 30 5
issue962_Fillet 45 25 5
issue962_Fillet 45 33 5
issue962_Fillet 48 27 5
issue962_Fillet 48 64 5
issue962_Fillet 48 67 5
issue962_Fillet 48 69 5
issue962_Fillet 51 27 5
issue962_Fillet 51 30 15
issue962_Fillet 51 30 5
issue962_Fillet 52 27 5
issue962_Fillet 52 64 5
issue962_Fillet 57 53 15
issue962_Fillet 57 53 5
issue962_Fillet 60 41 15
issue962_Fillet 60 41 5
issue962_Fillet 61 41 15
issue962_Fillet 61 41 5
issue962_Fillet 70 53 15
issue962_Fillet 70 53 5
issue962_Fillet 72 53 15
issue962_Fillet 72 53 5
mini_ab_r3 1 3 15
mini_ab_r3 1 3 5
mini_ab_r3 1 3 60
mini_ab_r3 1 4 15
mini_ab_r3 1 4 5
mini_ab_r3 1 4 60
mini_ab_r3 1 5 15
mini_ab_r3 1 5 5
mini_ab_r3 1 5 60
mini_ab_r3 10 6 15
mini_ab_r3 10 6 5
mini_ab_r3 10 6 60
mini_ab_r3 10 7 15
mini_ab_r3 10 7 5
mini_ab_r3 10 7 60
mini_ab_r3 10 8 15
mini_ab_r3 10 8 5
mini_ab_r3 10 9 60
mini_ab_r3 2 7 15
mini_ab_r3 2 7 5
mini_ab_r3 2 8 15
mini_ab_r3 2 8 5
mini_ab_r3 2 8 60
mini_ab_r3 9 3 15
mini_ab_r3 9 3 5
mini_ab_r3 9 4 15
mini_ab_r3 9 4 5
mini_ab_r3 9 4 60
mini_ab_r3 9 5 15
mini_ab_r3 9 5 5
mini_armblock2 2 1 15
mini_armblock2 2 1 5
mini_armblock2 2 3 15
mini_armblock2 2 3 5
mini_armblock2 2 3 60
mini_armblock2 2 5 15
mini_armblock2 2 5 5
mini_armblock2 2 5 60
mini_armblock2 2 6 60
mini_armblock2 4 1 15
mini_armblock2 4 1 5
mini_armblock2 4 1 60
mini_armblock2 4 3 15
mini_armblock2 4 3 5
mini_armblock2 4 5 15
mini_armblock2 4 5 5
mini_armblock2 4 5 60
mini_armblock2 4 8 60
mini_armblock2 6 10 60
mini_armblock2 6 2 60
mini_armblock2 6 7 15
mini_armblock2 6 7 5
mini_armblock2 6 9 15
mini_armblock2 6 9 5
mini_armblock2 6 9 60
mini_armblock2 8 7 15
mini_armblock2 8 7 5
mini_armblock2 8 7 60
mini_armblock2 8 9 15
mini_armblock2 8 9 5
mini_finbase 4 1 15
mini_finbase 4 1 5
mini_finbase 4 5 15
mini_finbase 4 5 5
mini_finbase 4 7 15
mini_finbase 4 7 5
mini_slot_bothsplit 3 1 15
mini_slot_bothsplit 3 1 5
mini_slot_opsplit 3 1 15
mini_slot_opsplit 3 1 5
mini_slot_opsplit 3 2 15
mini_slot_opsplit 3 2 5
mini_slot_opsplit 4 3 60
mini_slot_split 3 1 15
mini_slot_split 3 1 5
mini_slotwall 3 1 15
mini_slotwall 3 1 5
i334_Draft_base 10 28 15
i334_Draft_base 10 28 5
i334_Draft_base 10 28 60
i334_Draft_base 10 9 60
i334_Draft_base 100 177 60
i334_Draft_base 102 177 60
i334_Draft_base 103 178 60
i334_Draft_base 105 178 60
i334_Draft_base 106 179 60
i334_Draft_base 108 179 60
i334_Draft_base 109 180 60
i334_Draft_base 11 10 60
i334_Draft_base 11 12 60
i334_Draft_base 111 180 60
i334_Draft_base 112 181 60
i334_Draft_base 114 181 60
i334_Draft_base 115 182 60
i334_Draft_base 117 182 60
i334_Draft_base 118 183 60
i334_Draft_base 12 1 15
i334_Draft_base 12 1 60
i334_Draft_base 120 183 60
i334_Draft_base 121 184 60
i334_Draft_base 123 184 15
i334_Draft_base 123 184 60
i334_Draft_base 13 12 60
i334_Draft_base 13 14 60
i334_Draft_base 14 28 15
i334_Draft_base 14 28 5
i334_Draft_base 14 28 60
i334_Draft_base 15 14 60
i334_Draft_base 2 3 15
i334_Draft_base 25 30 15
i334_Draft_base 25 30 5
i334_Draft_base 27 28 5
i334_Draft_base 27 31 15
i334_Draft_base 27 31 5
i334_Draft_base 27 31 60
i334_Draft_base 30 25 60
i334_Draft_base 30 31 15
i334_Draft_base 30 31 5
i334_Draft_base 31 27 60
i334_Draft_base 34 155 60
i334_Draft_base 36 155 60
i334_Draft_base 37 156 60
i334_Draft_base 39 156 60
i334_Draft_base 4 1 15
i334_Draft_base 4 1 60
i334_Draft_base 40 157 60
i334_Draft_base 42 157 60
i334_Draft_base 43 158 60
i334_Draft_base 45 158 60
i334_Draft_base 46 159 60
i334_Draft_base 48 159 60
i334_Draft_base 49 160 60
i334_Draft_base 5 6 60
i334_Draft_base 51 160 60
i334_Draft_base 52 161 60
i334_Draft_base 54 161 60
i334_Draft_base 55 162 60
i334_Draft_base 57 162 60
i334_Draft_base 58 163 60
i334_Draft_base 60 163 60
i334_Draft_base 61 164 60
i334_Draft_base 63 164 60
i334_Draft_base 64 165 60
i334_Draft_base 66 165 60
i334_Draft_base 67 166 60
i334_Draft_base 69 166 60
i334_Draft_base 7 26 60
i334_Draft_base 70 167 60
i334_Draft_base 72 167 60
i334_Draft_base 73 168 60
i334_Draft_base 75 168 60
i334_Draft_base 76 169 60
i334_Draft_base 78 169 60
i334_Draft_base 79 170 60
i334_Draft_base 81 170 60
i334_Draft_base 82 171 60
i334_Draft_base 84 171 60
i334_Draft_base 85 172 60
i334_Draft_base 87 172 60
i334_Draft_base 88 173 60
i334_Draft_base 90 173 60
i334_Draft_base 91 174 60
i334_Draft_base 93 174 60
i334_Draft_base 94 175 60
i334_Draft_base 96 175 60
i334_Draft_base 97 176 60
i334_Draft_base 99 176 60
